#
# There is insufficient memory for the Java Runtime Environment to continue.
# Native memory allocation (malloc) failed to allocate 5412544 bytes. Error detail: Chunk::new
# Possible reasons:
#   The system is out of physical RAM or swap space
#   This process is running with CompressedOops enabled, and the Java Heap may be blocking the growth of the native heap
# Possible solutions:
#   Reduce memory load on the system
#   Increase physical memory or swap space
#   Check if swap backing store is full
#   Decrease Java heap size (-Xmx/-Xms)
#   Decrease number of Java threads
#   Decrease Java thread stack sizes (-Xss)
#   Set larger code cache with -XX:ReservedCodeCacheSize=
#   JVM is running with Unscaled Compressed Oops mode in which the Java heap is
#     placed in the first 4GB address space. The Java Heap base address is the
#     maximum limit for the native heap growth. Please use -XX:HeapBaseMinAddress
#     to set the Java Heap base and to place the Java Heap above 4GB virtual address.
# This output file may be truncated or incomplete.
#
#  Out of Memory Error (arena.cpp:168), pid=17720, tid=9072
#
# JRE version: OpenJDK Runtime Environment Temurin-21.0.12.1+1 (21.0.12.1+1) (build 21.0.12.1+1-LTS)
# Java VM: OpenJDK 64-Bit Server VM Temurin-21.0.12.1+1 (21.0.12.1+1-LTS, mixed mode, sharing, tiered, compressed oops, compressed class ptrs, parallel gc, windows-amd64)
# No core dump will be written. Minidumps are not enabled by default on client versions of Windows
#

---------------  S U M M A R Y ------------

Command Line: --add-modules=ALL-SYSTEM --add-opens=java.base/java.util=ALL-UNNAMED --add-opens=java.base/java.lang=ALL-UNNAMED --add-opens=java.base/sun.nio.fs=ALL-UNNAMED -Declipse.application=org.eclipse.jdt.ls.core.id1 -Dosgi.bundles.defaultStartLevel=4 -Declipse.product=org.eclipse.jdt.ls.core.product -Djava.import.generatesMetadataFilesAtProjectRoot=false -Dm2e.project.cache.size=50 -DDetectVMInstallationsJob.disabled=true -Dfile.encoding=utf8 -XX:+UseParallelGC -XX:GCTimeRatio=4 -XX:AdaptiveSizePolicyWeight=90 -Dsun.zip.disableMemoryMapping=true -Xmx2G -Xms100m -Xlog:disable -javaagent:c:\Users\CARLOS DE AIDA\.vscode\extensions\redhat.java-1.56.0-win32-x64\lombok\lombok-1.18.39-4050.jar -XX:+HeapDumpOnOutOfMemoryError -XX:HeapDumpPath=c:\Users\CARLOS DE AIDA\AppData\Roaming\Code\User\workspaceStorage\c82a7e7b33fa2c8ef81a0455b6edecef\redhat.java -Daether.dependencyCollector.impl=bf c:\Users\CARLOS DE AIDA\.vscode\extensions\redhat.java-1.56.0-win32-x64\server\plugins\org.eclipse.equinox.launcher_1.8.0.v20260804-1928.jar -configuration c:\Users\CARLOS DE AIDA\AppData\Roaming\Code\User\globalStorage\redhat.java\1.56.0\config_win -data c:\Users\CARLOS DE AIDA\AppData\Roaming\Code\User\workspaceStorage\c82a7e7b33fa2c8ef81a0455b6edecef\redhat.java\jdt_ws --stdio

Host: Intel(R) Celeron(R) N4500 @ 1.10GHz, 2 cores, 3G,  Windows 11 , 64 bit Build 26100 (10.0.26100.9444)
Time: Wed Oct  7 09:24:10 2026 Hora padrão da África do Sul elapsed time: 1458.955686 seconds (0d 0h 24m 18s)

---------------  T H R E A D  ---------------

Current thread (0x000001ee16f00c80):  JavaThread "C2 CompilerThread0" daemon [_thread_in_native, id=9072, stack(0x0000008edab00000,0x0000008edac00000) (1024K)]


Current CompileTask:
C2:1458955 15264   !   4       lombok.core.FieldAugment$ReflectionFieldAugment::getAndSet (80 bytes)

Stack: [0x0000008edab00000,0x0000008edac00000]
Native frames: (J=compiled Java code, j=interpreted, Vv=VM code, C=native code)
V  [jvm.dll+0x6d83e9]
V  [jvm.dll+0x8b5736]
V  [jvm.dll+0x8b7cee]
V  [jvm.dll+0x8b83d3]
V  [jvm.dll+0x284596]
V  [jvm.dll+0xc685d]
V  [jvm.dll+0xc6da1]
V  [jvm.dll+0x3bf18b]
V  [jvm.dll+0x1e4149]
V  [jvm.dll+0x24c853]
V  [jvm.dll+0x24bce0]
V  [jvm.dll+0x1cb4ae]
V  [jvm.dll+0x25baad]
V  [jvm.dll+0x25a03a]
V  [jvm.dll+0x3f8aae]
V  [jvm.dll+0x8600cd]
V  [jvm.dll+0x6d6c1d]
C  [ucrtbase.dll+0x2cd30]
C  [KERNEL32.DLL+0x2cd87]
C  [ntdll.dll+0xacaec]


---------------  P R O C E S S  ---------------

Threads class SMR info:
_java_thread_list=0x000001ee75d6e3a0, length=40, elements={
0x000001ee1704c020, 0x000001ee171093a0, 0x000001ee1710b580, 0x000001ee1710d380,
0x000001ee16efe700, 0x000001ee16eff160, 0x000001ee16effe40, 0x000001ee16f00c80,
0x000001ee16f7bae0, 0x000001ee7311ed70, 0x000001ee732152a0, 0x000001ee16f46fb0,
0x000001ee732f68f0, 0x000001ee16ff5360, 0x000001ee735d1290, 0x000001ee73a13d90,
0x000001ee737d7f40, 0x000001ee73e3d4e0, 0x000001ee73714390, 0x000001ee73713670,
0x000001ee73713d00, 0x000001ee73ed8840, 0x000001ee73ed7490, 0x000001ee73ed5a50,
0x000001ee73ed60e0, 0x000001ee73ed6e00, 0x000001ee73ed81b0, 0x000001ee747470e0,
0x000001ee74745d30, 0x000001ee74747770, 0x000001ee74745010, 0x000001ee74604360,
0x000001ee74606ac0, 0x000001ee74603640, 0x000001ee74603cd0, 0x000001ee74609220,
0x000001ee74608b90, 0x000001ee74605080, 0x000001ee74605710, 0x000001ee74605da0
}
_to_delete_list=0x000001ee75d6ebb0
Skipping _to_delete_list fields and contents for safety.

Java Threads: ( => current thread )
  0x000001ee1704c020 JavaThread "main"                              [_thread_blocked, id=16300, stack(0x0000008eda100000,0x0000008eda200000) (1024K)]
  0x000001ee171093a0 JavaThread "Reference Handler"          daemon [_thread_blocked, id=15620, stack(0x0000008eda500000,0x0000008eda600000) (1024K)]
  0x000001ee1710b580 JavaThread "Finalizer"                  daemon [_thread_blocked, id=13780, stack(0x0000008eda600000,0x0000008eda700000) (1024K)]
  0x000001ee1710d380 JavaThread "Signal Dispatcher"          daemon [_thread_blocked, id=16880, stack(0x0000008eda700000,0x0000008eda800000) (1024K)]
  0x000001ee16efe700 JavaThread "Attach Listener"            daemon [_thread_blocked, id=14352, stack(0x0000008eda800000,0x0000008eda900000) (1024K)]
  0x000001ee16eff160 JavaThread "Service Thread"             daemon [_thread_blocked, id=10908, stack(0x0000008eda900000,0x0000008edaa00000) (1024K)]
  0x000001ee16effe40 JavaThread "Monitor Deflation Thread"   daemon [_thread_blocked, id=8936, stack(0x0000008edaa00000,0x0000008edab00000) (1024K)]
=>0x000001ee16f00c80 JavaThread "C2 CompilerThread0"         daemon [_thread_in_native, id=9072, stack(0x0000008edab00000,0x0000008edac00000) (1024K)]
  0x000001ee16f7bae0 JavaThread "C1 CompilerThread0"         daemon [_thread_blocked, id=4604, stack(0x0000008edac00000,0x0000008edad00000) (1024K)]
  0x000001ee7311ed70 JavaThread "Common-Cleaner"             daemon [_thread_blocked, id=2952, stack(0x0000008edad00000,0x0000008edae00000) (1024K)]
  0x000001ee732152a0 JavaThread "Notification Thread"        daemon [_thread_blocked, id=10288, stack(0x0000008edaf00000,0x0000008edb000000) (1024K)]
  0x000001ee16f46fb0 JavaThread "Active Thread: Equinox Container: 36a8f60f-ae4b-45c1-a2d1-bb7856dc3ca6"        [_thread_blocked, id=5464, stack(0x0000008eda000000,0x0000008eda100000) (1024K)]
  0x000001ee732f68f0 JavaThread "Refresh Thread: Equinox Container: 36a8f60f-ae4b-45c1-a2d1-bb7856dc3ca6" daemon [_thread_blocked, id=14852, stack(0x0000008edae00000,0x0000008edaf00000) (1024K)]
  0x000001ee16ff5360 JavaThread "Framework Event Dispatcher: Equinox Container: 36a8f60f-ae4b-45c1-a2d1-bb7856dc3ca6" daemon [_thread_blocked, id=8012, stack(0x0000008edb200000,0x0000008edb300000) (1024K)]
  0x000001ee735d1290 JavaThread "Start Level: Equinox Container: 36a8f60f-ae4b-45c1-a2d1-bb7856dc3ca6" daemon [_thread_blocked, id=16640, stack(0x0000008edb300000,0x0000008edb400000) (1024K)]
  0x000001ee73a13d90 JavaThread "Bundle File Closer"         daemon [_thread_blocked, id=11144, stack(0x0000008edb100000,0x0000008edb200000) (1024K)]
  0x000001ee737d7f40 JavaThread "SCR Component Actor"        daemon [_thread_blocked, id=13936, stack(0x0000008edb400000,0x0000008edb500000) (1024K)]
  0x000001ee73e3d4e0 JavaThread "Worker-JM"                         [_thread_blocked, id=2300, stack(0x0000008edb500000,0x0000008edb600000) (1024K)]
  0x000001ee73714390 JavaThread "JNA Cleaner"                daemon [_thread_blocked, id=8328, stack(0x0000008edb700000,0x0000008edb800000) (1024K)]
  0x000001ee73713670 JavaThread "Worker-0"                          [_thread_blocked, id=15984, stack(0x0000008edb800000,0x0000008edb900000) (1024K)]
  0x000001ee73713d00 JavaThread "Worker-1"                          [_thread_blocked, id=10160, stack(0x0000008edb900000,0x0000008edba00000) (1024K)]
  0x000001ee73ed8840 JavaThread "Worker-2"                          [_thread_blocked, id=1940, stack(0x0000008edba00000,0x0000008edbb00000) (1024K)]
  0x000001ee73ed7490 JavaThread "Worker-3"                          [_thread_blocked, id=18416, stack(0x0000008edbb00000,0x0000008edbc00000) (1024K)]
  0x000001ee73ed5a50 JavaThread "Worker-4"                          [_thread_blocked, id=12020, stack(0x0000008edbc00000,0x0000008edbd00000) (1024K)]
  0x000001ee73ed60e0 JavaThread "Java indexing"              daemon [_thread_blocked, id=10780, stack(0x0000008edbd00000,0x0000008edbe00000) (1024K)]
  0x000001ee73ed6e00 JavaThread "Worker-5"                          [_thread_blocked, id=656, stack(0x0000008edbf00000,0x0000008edc000000) (1024K)]
  0x000001ee73ed81b0 JavaThread "Worker-6"                          [_thread_blocked, id=15152, stack(0x0000008edc000000,0x0000008edc100000) (1024K)]
  0x000001ee747470e0 JavaThread "pool-2-thread-1"                   [_thread_blocked, id=5028, stack(0x0000008edc100000,0x0000008edc200000) (1024K)]
  0x000001ee74745d30 JavaThread "WorkspaceEventsHandler"            [_thread_blocked, id=14224, stack(0x0000008edc200000,0x0000008edc300000) (1024K)]
  0x000001ee74747770 JavaThread "pool-1-thread-1"                   [_thread_in_native, id=3528, stack(0x0000008edc300000,0x0000008edc400000) (1024K)]
  0x000001ee74745010 JavaThread "PatternSearchJob-worker-1"  daemon [_thread_blocked, id=18228, stack(0x0000008edc400000,0x0000008edc500000) (1024K)]
  0x000001ee74604360 JavaThread "Worker-7"                          [_thread_blocked, id=3900, stack(0x0000008edb600000,0x0000008edb700000) (1024K)]
  0x000001ee74606ac0 JavaThread "Worker-8: Initialize workspace"        [_thread_blocked, id=16132, stack(0x0000008edc500000,0x0000008edc600000) (1024K)]
  0x000001ee74603640 JavaThread "Worker-9"                          [_thread_blocked, id=3016, stack(0x0000008edb000000,0x0000008edb100000) (1024K)]
  0x000001ee74603cd0 JavaThread "Worker-10"                         [_thread_blocked, id=19392, stack(0x0000008edc700000,0x0000008edc800000) (1024K)]
  0x000001ee74609220 JavaThread "Worker-11"                         [_thread_blocked, id=14496, stack(0x0000008edc800000,0x0000008edc900000) (1024K)]
  0x000001ee74608b90 JavaThread "Worker-12"                         [_thread_blocked, id=16028, stack(0x0000008edca00000,0x0000008edcb00000) (1024K)]
  0x000001ee74605080 JavaThread "Worker-13"                         [_thread_blocked, id=18580, stack(0x0000008edcc00000,0x0000008edcd00000) (1024K)]
  0x000001ee74605710 JavaThread "Worker-14"                         [_thread_blocked, id=1864, stack(0x0000008edc600000,0x0000008edc700000) (1024K)]
  0x000001ee74605da0 JavaThread "Worker-15: Check JDK Index"        [_thread_blocked, id=15488, stack(0x0000008edcb00000,0x0000008edcc00000) (1024K)]
Total: 40

Other Threads:
  0x000001ee16efdb10 VMThread "VM Thread"                           [id=10112, stack(0x0000008eda400000,0x0000008eda500000) (1024K)]
  0x000001ee16edca00 WatcherThread "VM Periodic Task Thread"        [id=7896, stack(0x0000008eda300000,0x0000008eda400000) (1024K)]
  0x000001ee170690f0 WorkerThread "GC Thread#0"                     [id=17324, stack(0x0000008eda200000,0x0000008eda300000) (1024K)]
  0x000001ee730fbc60 WorkerThread "GC Thread#1"                     [id=4852, stack(0x0000008ed9f00000,0x0000008eda000000) (1024K)]
Total: 4

Threads with active compile tasks:
C2 CompilerThread0  1459054 15264   !   4       lombok.core.FieldAugment$ReflectionFieldAugment::getAndSet (80 bytes)
Total: 1

VM state: at safepoint (normal execution)

VM Mutex/Monitor currently owned by a thread:  ([mutex/lock_event])
[0x00007ffe4994f5b0] Threads_lock - owner thread: 0x000001ee16efdb10
[0x00007ffe4994f6b0] Heap_lock - owner thread: 0x000001ee74745010

Heap address: 0x0000000080000000, size: 2048 MB, Compressed Oops mode: 32-bit

CDS archive(s) mapped at: [0x000001ee2e000000-0x000001ee2eba0000-0x000001ee2eba0000), size 12189696, SharedBaseAddress: 0x000001ee2e000000, ArchiveRelocationMode: 1.
Compressed class space mapped at: 0x000001ee2f000000-0x000001ee6f000000, reserved size: 1073741824
Narrow klass base: 0x000001ee2e000000, Narrow klass shift: 0, Narrow klass range: 0x100000000

GC Precious Log:
 CardTable entry size: 512
 CPUs: 2 total, 2 available
 Memory: 3933M
 Large Page Support: Disabled
 NUMA Support: Disabled
 Compressed Oops: Enabled (32-bit)
 Alignments: Space 512K, Generation 512K, Heap 2M
 Heap Min Capacity: 100M
 Heap Initial Capacity: 100M
 Heap Max Capacity: 2G
 Pre-touch: Disabled
 Parallel Workers: 2

Heap:
 PSYoungGen      total 3072K, used 2783K [0x00000000d5580000, 0x00000000d5b00000, 0x0000000100000000)
  eden space 2048K, 99% used [0x00000000d5580000,0x00000000d577ff88,0x00000000d5780000)
  from space 1024K, 71% used [0x00000000d5780000,0x00000000d5838000,0x00000000d5880000)
  to   space 1536K, 100% used [0x00000000d5980000,0x00000000d5b00000,0x00000000d5b00000)
 ParOldGen       total 102912K, used 102907K [0x0000000080000000, 0x0000000086480000, 0x00000000d5580000)
  object space 102912K, 99% used [0x0000000080000000,0x000000008647efc0,0x0000000086480000)
 Metaspace       used 63705K, committed 65152K, reserved 1114112K
  class space    used 6434K, committed 7168K, reserved 1048576K

Card table byte_map: [0x000001ee169f0000,0x000001ee16e00000] _byte_map_base: 0x000001ee165f0000

Marking Bits: (ParMarkBitMap*) 0x00007ffe499544a0
 Begin Bits: [0x000001ee29500000, 0x000001ee2b500000)
 End Bits:   [0x000001ee2b500000, 0x000001ee2d500000)

Polling page: 0x000001ee14d10000

Metaspace:

Usage:
  Non-class:     55.93 MB used.
      Class:      6.28 MB used.
       Both:     62.21 MB used.

Virtual space:
  Non-class space:       64.00 MB reserved,      56.62 MB ( 88%) committed,  1 nodes.
      Class space:        1.00 GB reserved,       7.00 MB ( <1%) committed,  1 nodes.
             Both:        1.06 GB reserved,      63.62 MB (  6%) committed. 

Chunk freelists:
   Non-Class:  7.38 MB
       Class:  8.82 MB
        Both:  16.19 MB

MaxMetaspaceSize: unlimited
CompressedClassSpaceSize: 1.00 GB
Initial GC threshold: 21.00 MB
Current GC threshold: 106.06 MB
CDS: on
 - commit_granule_bytes: 65536.
 - commit_granule_words: 8192.
 - virtual_space_node_default_size: 8388608.
 - enlarge_chunks_in_place: 1.
 - use_allocation_guard: 0.


Internal statistics:

num_allocs_failed_limit: 9.
num_arena_births: 1718.
num_arena_deaths: 14.
num_vsnodes_births: 2.
num_vsnodes_deaths: 0.
num_space_committed: 1018.
num_space_uncommitted: 0.
num_chunks_returned_to_freelist: 23.
num_chunks_taken_from_freelist: 5090.
num_chunk_merges: 15.
num_chunk_splits: 3092.
num_chunks_enlarged: 1595.
num_inconsistent_stats: 0.

CodeHeap 'non-profiled nmethods': size=120064Kb used=11342Kb max_used=14186Kb free=108721Kb
 bounds [0x000001ee21d10000, 0x000001ee22b20000, 0x000001ee29250000]
CodeHeap 'profiled nmethods': size=120000Kb used=6330Kb max_used=30451Kb free=113669Kb
 bounds [0x000001ee1a250000, 0x000001ee1c010000, 0x000001ee21780000]
CodeHeap 'non-nmethods': size=5696Kb used=1409Kb max_used=1505Kb free=4286Kb
 bounds [0x000001ee21780000, 0x000001ee219f0000, 0x000001ee21d10000]
CodeCache: size=245760Kb, used=19081Kb, max_used=46142Kb, free=226676Kb
 total_blobs=4883, nmethods=4156, adapters=634, full_count=0
Compilation: enabled, stopped_count=0, restarted_count=0

Compilation events (20 events):
Event: 1455.987 Thread 0x000001ee16f00c80 nmethod 15254 0x000001ee21e3fd90 code [0x000001ee21e3ff40, 0x000001ee21e40120]
Event: 1456.268 Thread 0x000001ee16f00c80 15255       4       org.eclipse.jdt.ls.core.internal.preferences.CodeGenerationTemplate::createTemplate (25 bytes)
Event: 1456.270 Thread 0x000001ee16f00c80 nmethod 15255 0x000001ee22024e90 code [0x000001ee22025020, 0x000001ee220251a0]
Event: 1456.486 Thread 0x000001ee16f00c80 15256       4       java.lang.String::<init> (13 bytes)
Event: 1456.492 Thread 0x000001ee16f00c80 nmethod 15256 0x000001ee21d29290 code [0x000001ee21d29480, 0x000001ee21d298f0]
Event: 1457.231 Thread 0x000001ee16f00c80 15257       4       org.eclipse.core.internal.resources.CharsetManager::getCharsetFor (90 bytes)
Event: 1457.243 Thread 0x000001ee16f00c80 nmethod 15257 0x000001ee22278f10 code [0x000001ee22279140, 0x000001ee22279558]
Event: 1457.243 Thread 0x000001ee16f00c80 15258  s    4       lombok.launch.PatchFixesHider$Transform::init (47 bytes)
Event: 1457.245 Thread 0x000001ee16f00c80 nmethod 15258 0x000001ee223ca410 code [0x000001ee223ca5a0, 0x000001ee223ca798]
Event: 1457.418 Thread 0x000001ee16f00c80 15259       4       org.eclipse.core.internal.runtime.InternalPlatform$$Lambda/0x000001ee2f1af180::apply (8 bytes)
Event: 1457.424 Thread 0x000001ee16f00c80 nmethod 15259 0x000001ee2242cb10 code [0x000001ee2242ccc0, 0x000001ee2242ce08]
Event: 1457.424 Thread 0x000001ee16f00c80 15260       4       org.eclipse.core.internal.runtime.InternalPlatform$$Lambda/0x000001ee2f1af3c0::test (8 bytes)
Event: 1457.427 Thread 0x000001ee16f00c80 nmethod 15260 0x000001ee22150d10 code [0x000001ee22150ec0, 0x000001ee22151068]
Event: 1457.550 Thread 0x000001ee16f00c80 15261       4       org.eclipse.jdt.internal.compiler.parser.Parser::initialize (398 bytes)
Event: 1457.569 Thread 0x000001ee16f00c80 nmethod 15261 0x000001ee21fe6f90 code [0x000001ee21fe71c0, 0x000001ee21fe7c70]
Event: 1457.569 Thread 0x000001ee16f00c80 15262       4       org.eclipse.jdt.internal.compiler.parser.Parser::endParse (293 bytes)
Event: 1457.641 Thread 0x000001ee16f00c80 nmethod 15262 0x000001ee22101110 code [0x000001ee22101640, 0x000001ee221039b8]
Event: 1457.641 Thread 0x000001ee16f00c80 15263       4       org.eclipse.jdt.internal.core.PackageFragmentRoot::getRawClasspathEntry (63 bytes)
Event: 1457.672 Thread 0x000001ee16f00c80 nmethod 15263 0x000001ee223b4390 code [0x000001ee223b4620, 0x000001ee223b53f0]
Event: 1457.769 Thread 0x000001ee16f00c80 15264   !   4       lombok.core.FieldAugment$ReflectionFieldAugment::getAndSet (80 bytes)

GC Heap History (20 events):
Event: 1458.189 GC heap before
{Heap before GC invocations=15853 (full 20):
 PSYoungGen      total 4608K, used 4577K [0x00000000d5580000, 0x00000000d5e80000, 0x0000000100000000)
  eden space 3072K, 99% used [0x00000000d5580000,0x00000000d58787f8,0x00000000d5880000)
  from space 1536K, 100% used [0x00000000d5880000,0x00000000d5a00000,0x00000000d5a00000)
  to   space 3072K, 0% used [0x00000000d5b80000,0x00000000d5b80000,0x00000000d5e80000)
 ParOldGen       total 90624K, used 90124K [0x0000000080000000, 0x0000000085880000, 0x00000000d5580000)
  object space 90624K, 99% used [0x0000000080000000,0x0000000085803038,0x0000000085880000)
 Metaspace       used 63705K, committed 65152K, reserved 1114112K
  class space    used 6434K, committed 7168K, reserved 1048576K
}
Event: 1458.196 GC heap after
{Heap after GC invocations=15853 (full 20):
 PSYoungGen      total 5120K, used 1577K [0x00000000d5580000, 0x00000000d5d80000, 0x0000000100000000)
  eden space 3072K, 0% used [0x00000000d5580000,0x00000000d5580000,0x00000000d5880000)
  from space 2048K, 77% used [0x00000000d5b80000,0x00000000d5d0a7d0,0x00000000d5d80000)
  to   space 2048K, 0% used [0x00000000d5980000,0x00000000d5980000,0x00000000d5b80000)
 ParOldGen       total 91648K, used 91628K [0x0000000080000000, 0x0000000085980000, 0x00000000d5580000)
  object space 91648K, 99% used [0x0000000080000000,0x000000008597b038,0x0000000085980000)
 Metaspace       used 63705K, committed 65152K, reserved 1114112K
  class space    used 6434K, committed 7168K, reserved 1048576K
}
Event: 1458.230 GC heap before
{Heap before GC invocations=15854 (full 20):
 PSYoungGen      total 5120K, used 4649K [0x00000000d5580000, 0x00000000d5d80000, 0x0000000100000000)
  eden space 3072K, 100% used [0x00000000d5580000,0x00000000d5880000,0x00000000d5880000)
  from space 2048K, 77% used [0x00000000d5b80000,0x00000000d5d0a7d0,0x00000000d5d80000)
  to   space 2048K, 0% used [0x00000000d5980000,0x00000000d5980000,0x00000000d5b80000)
 ParOldGen       total 91648K, used 91628K [0x0000000080000000, 0x0000000085980000, 0x00000000d5580000)
  object space 91648K, 99% used [0x0000000080000000,0x000000008597b038,0x0000000085980000)
 Metaspace       used 63705K, committed 65152K, reserved 1114112K
  class space    used 6434K, committed 7168K, reserved 1048576K
}
Event: 1458.235 GC heap after
{Heap after GC invocations=15854 (full 20):
 PSYoungGen      total 5120K, used 1718K [0x00000000d5580000, 0x00000000d5c80000, 0x0000000100000000)
  eden space 3072K, 0% used [0x00000000d5580000,0x00000000d5580000,0x00000000d5880000)
  from space 2048K, 83% used [0x00000000d5980000,0x00000000d5b2d940,0x00000000d5b80000)
  to   space 1024K, 0% used [0x00000000d5b80000,0x00000000d5b80000,0x00000000d5c80000)
 ParOldGen       total 93696K, used 93206K [0x0000000080000000, 0x0000000085b80000, 0x00000000d5580000)
  object space 93696K, 99% used [0x0000000080000000,0x0000000085b05818,0x0000000085b80000)
 Metaspace       used 63705K, committed 65152K, reserved 1114112K
  class space    used 6434K, committed 7168K, reserved 1048576K
}
Event: 1458.264 GC heap before
{Heap before GC invocations=15855 (full 20):
 PSYoungGen      total 5120K, used 4790K [0x00000000d5580000, 0x00000000d5c80000, 0x0000000100000000)
  eden space 3072K, 100% used [0x00000000d5580000,0x00000000d5880000,0x00000000d5880000)
  from space 2048K, 83% used [0x00000000d5980000,0x00000000d5b2d940,0x00000000d5b80000)
  to   space 1024K, 0% used [0x00000000d5b80000,0x00000000d5b80000,0x00000000d5c80000)
 ParOldGen       total 93696K, used 93206K [0x0000000080000000, 0x0000000085b80000, 0x00000000d5580000)
  object space 93696K, 99% used [0x0000000080000000,0x0000000085b05818,0x0000000085b80000)
 Metaspace       used 63705K, committed 65152K, reserved 1114112K
  class space    used 6434K, committed 7168K, reserved 1048576K
}
Event: 1458.268 GC heap after
{Heap after GC invocations=15855 (full 20):
 PSYoungGen      total 3584K, used 1024K [0x00000000d5580000, 0x00000000d5f80000, 0x0000000100000000)
  eden space 2560K, 0% used [0x00000000d5580000,0x00000000d5580000,0x00000000d5800000)
  from space 1024K, 100% used [0x00000000d5b80000,0x00000000d5c80000,0x00000000d5c80000)
  to   space 3584K, 0% used [0x00000000d5800000,0x00000000d5800000,0x00000000d5b80000)
 ParOldGen       total 95744K, used 95321K [0x0000000080000000, 0x0000000085d80000, 0x00000000d5580000)
  object space 95744K, 99% used [0x0000000080000000,0x0000000085d16558,0x0000000085d80000)
 Metaspace       used 63705K, committed 65152K, reserved 1114112K
  class space    used 6434K, committed 7168K, reserved 1048576K
}
Event: 1458.352 GC heap before
{Heap before GC invocations=15856 (full 20):
 PSYoungGen      total 3584K, used 3573K [0x00000000d5580000, 0x00000000d5f80000, 0x0000000100000000)
  eden space 2560K, 99% used [0x00000000d5580000,0x00000000d57fd6c0,0x00000000d5800000)
  from space 1024K, 100% used [0x00000000d5b80000,0x00000000d5c80000,0x00000000d5c80000)
  to   space 3584K, 0% used [0x00000000d5800000,0x00000000d5800000,0x00000000d5b80000)
 ParOldGen       total 95744K, used 95321K [0x0000000080000000, 0x0000000085d80000, 0x00000000d5580000)
  object space 95744K, 99% used [0x0000000080000000,0x0000000085d16558,0x0000000085d80000)
 Metaspace       used 63705K, committed 65152K, reserved 1114112K
  class space    used 6434K, committed 7168K, reserved 1048576K
}
Event: 1458.355 GC heap after
{Heap after GC invocations=15856 (full 20):
 PSYoungGen      total 3584K, used 798K [0x00000000d5580000, 0x00000000d5c00000, 0x0000000100000000)
  eden space 2560K, 0% used [0x00000000d5580000,0x00000000d5580000,0x00000000d5800000)
  from space 1024K, 78% used [0x00000000d5800000,0x00000000d58c7be0,0x00000000d5900000)
  to   space 2048K, 0% used [0x00000000d5a00000,0x00000000d5a00000,0x00000000d5c00000)
 ParOldGen       total 96768K, used 96313K [0x0000000080000000, 0x0000000085e80000, 0x00000000d5580000)
  object space 96768K, 99% used [0x0000000080000000,0x0000000085e0e558,0x0000000085e80000)
 Metaspace       used 63705K, committed 65152K, reserved 1114112K
  class space    used 6434K, committed 7168K, reserved 1048576K
}
Event: 1458.396 GC heap before
{Heap before GC invocations=15857 (full 20):
 PSYoungGen      total 3584K, used 3358K [0x00000000d5580000, 0x00000000d5c00000, 0x0000000100000000)
  eden space 2560K, 99% used [0x00000000d5580000,0x00000000d57ffd20,0x00000000d5800000)
  from space 1024K, 78% used [0x00000000d5800000,0x00000000d58c7be0,0x00000000d5900000)
  to   space 2048K, 0% used [0x00000000d5a00000,0x00000000d5a00000,0x00000000d5c00000)
 ParOldGen       total 96768K, used 96313K [0x0000000080000000, 0x0000000085e80000, 0x00000000d5580000)
  object space 96768K, 99% used [0x0000000080000000,0x0000000085e0e558,0x0000000085e80000)
 Metaspace       used 63705K, committed 65152K, reserved 1114112K
  class space    used 6434K, committed 7168K, reserved 1048576K
}
Event: 1458.398 GC heap after
{Heap after GC invocations=15857 (full 20):
 PSYoungGen      total 3072K, used 160K [0x00000000d5580000, 0x00000000d5a80000, 0x0000000100000000)
  eden space 2560K, 0% used [0x00000000d5580000,0x00000000d5580000,0x00000000d5800000)
  from space 512K, 31% used [0x00000000d5a00000,0x00000000d5a28000,0x00000000d5a80000)
  to   space 1024K, 0% used [0x00000000d5880000,0x00000000d5880000,0x00000000d5980000)
 ParOldGen       total 97280K, used 97072K [0x0000000080000000, 0x0000000085f00000, 0x00000000d5580000)
  object space 97280K, 99% used [0x0000000080000000,0x0000000085ecc138,0x0000000085f00000)
 Metaspace       used 63705K, committed 65152K, reserved 1114112K
  class space    used 6434K, committed 7168K, reserved 1048576K
}
Event: 1458.422 GC heap before
{Heap before GC invocations=15858 (full 20):
 PSYoungGen      total 3072K, used 2720K [0x00000000d5580000, 0x00000000d5a80000, 0x0000000100000000)
  eden space 2560K, 100% used [0x00000000d5580000,0x00000000d5800000,0x00000000d5800000)
  from space 512K, 31% used [0x00000000d5a00000,0x00000000d5a28000,0x00000000d5a80000)
  to   space 1024K, 0% used [0x00000000d5880000,0x00000000d5880000,0x00000000d5980000)
 ParOldGen       total 97280K, used 97072K [0x0000000080000000, 0x0000000085f00000, 0x00000000d5580000)
  object space 97280K, 99% used [0x0000000080000000,0x0000000085ecc138,0x0000000085f00000)
 Metaspace       used 63705K, committed 65152K, reserved 1114112K
  class space    used 6434K, committed 7168K, reserved 1048576K
}
Event: 1458.425 GC heap after
{Heap after GC invocations=15858 (full 20):
 PSYoungGen      total 3584K, used 1014K [0x00000000d5580000, 0x00000000d5d00000, 0x0000000100000000)
  eden space 2560K, 0% used [0x00000000d5580000,0x00000000d5580000,0x00000000d5800000)
  from space 1024K, 99% used [0x00000000d5880000,0x00000000d597d940,0x00000000d5980000)
  to   space 2560K, 0% used [0x00000000d5a80000,0x00000000d5a80000,0x00000000d5d00000)
 ParOldGen       total 98304K, used 98024K [0x0000000080000000, 0x0000000086000000, 0x00000000d5580000)
  object space 98304K, 99% used [0x0000000080000000,0x0000000085fba148,0x0000000086000000)
 Metaspace       used 63705K, committed 65152K, reserved 1114112K
  class space    used 6434K, committed 7168K, reserved 1048576K
}
Event: 1458.470 GC heap before
{Heap before GC invocations=15859 (full 20):
 PSYoungGen      total 3584K, used 3574K [0x00000000d5580000, 0x00000000d5d00000, 0x0000000100000000)
  eden space 2560K, 100% used [0x00000000d5580000,0x00000000d5800000,0x00000000d5800000)
  from space 1024K, 99% used [0x00000000d5880000,0x00000000d597d940,0x00000000d5980000)
  to   space 2560K, 0% used [0x00000000d5a80000,0x00000000d5a80000,0x00000000d5d00000)
 ParOldGen       total 98304K, used 98024K [0x0000000080000000, 0x0000000086000000, 0x00000000d5580000)
  object space 98304K, 99% used [0x0000000080000000,0x0000000085fba148,0x0000000086000000)
 Metaspace       used 63705K, committed 65152K, reserved 1114112K
  class space    used 6434K, committed 7168K, reserved 1048576K
}
Event: 1458.474 GC heap after
{Heap after GC invocations=15859 (full 20):
 PSYoungGen      total 4096K, used 1088K [0x00000000d5580000, 0x00000000d5c00000, 0x0000000100000000)
  eden space 2560K, 0% used [0x00000000d5580000,0x00000000d5580000,0x00000000d5800000)
  from space 1536K, 70% used [0x00000000d5a80000,0x00000000d5b90000,0x00000000d5c00000)
  to   space 1536K, 0% used [0x00000000d5900000,0x00000000d5900000,0x00000000d5a80000)
 ParOldGen       total 99328K, used 99022K [0x0000000080000000, 0x0000000086100000, 0x00000000d5580000)
  object space 99328K, 99% used [0x0000000080000000,0x00000000860b3a88,0x0000000086100000)
 Metaspace       used 63705K, committed 65152K, reserved 1114112K
  class space    used 6434K, committed 7168K, reserved 1048576K
}
Event: 1458.545 GC heap before
{Heap before GC invocations=15860 (full 20):
 PSYoungGen      total 4096K, used 3647K [0x00000000d5580000, 0x00000000d5c00000, 0x0000000100000000)
  eden space 2560K, 99% used [0x00000000d5580000,0x00000000d57fffe8,0x00000000d5800000)
  from space 1536K, 70% used [0x00000000d5a80000,0x00000000d5b90000,0x00000000d5c00000)
  to   space 1536K, 0% used [0x00000000d5900000,0x00000000d5900000,0x00000000d5a80000)
 ParOldGen       total 99328K, used 99022K [0x0000000080000000, 0x0000000086100000, 0x00000000d5580000)
  object space 99328K, 99% used [0x0000000080000000,0x00000000860b3a88,0x0000000086100000)
 Metaspace       used 63705K, committed 65152K, reserved 1114112K
  class space    used 6434K, committed 7168K, reserved 1048576K
}
Event: 1458.550 GC heap after
{Heap after GC invocations=15860 (full 20):
 PSYoungGen      total 4096K, used 1161K [0x00000000d5580000, 0x00000000d5b00000, 0x0000000100000000)
  eden space 2560K, 0% used [0x00000000d5580000,0x00000000d5580000,0x00000000d5800000)
  from space 1536K, 75% used [0x00000000d5900000,0x00000000d5a227e0,0x00000000d5a80000)
  to   space 512K, 0% used [0x00000000d5a80000,0x00000000d5a80000,0x00000000d5b00000)
 ParOldGen       total 100352K, used 100022K [0x0000000080000000, 0x0000000086200000, 0x00000000d5580000)
  object space 100352K, 99% used [0x0000000080000000,0x00000000861ada88,0x0000000086200000)
 Metaspace       used 63705K, committed 65152K, reserved 1114112K
  class space    used 6434K, committed 7168K, reserved 1048576K
}
Event: 1458.575 GC heap before
{Heap before GC invocations=15861 (full 20):
 PSYoungGen      total 4096K, used 3721K [0x00000000d5580000, 0x00000000d5b00000, 0x0000000100000000)
  eden space 2560K, 100% used [0x00000000d5580000,0x00000000d5800000,0x00000000d5800000)
  from space 1536K, 75% used [0x00000000d5900000,0x00000000d5a227e0,0x00000000d5a80000)
  to   space 512K, 0% used [0x00000000d5a80000,0x00000000d5a80000,0x00000000d5b00000)
 ParOldGen       total 100352K, used 100022K [0x0000000080000000, 0x0000000086200000, 0x00000000d5580000)
  object space 100352K, 99% used [0x0000000080000000,0x00000000861ada88,0x0000000086200000)
 Metaspace       used 63705K, committed 65152K, reserved 1114112K
  class space    used 6434K, committed 7168K, reserved 1048576K
}
Event: 1458.586 GC heap after
{Heap after GC invocations=15861 (full 20):
 PSYoungGen      total 2560K, used 502K [0x00000000d5580000, 0x00000000d5e00000, 0x0000000100000000)
  eden space 2048K, 0% used [0x00000000d5580000,0x00000000d5580000,0x00000000d5780000)
  from space 512K, 98% used [0x00000000d5a80000,0x00000000d5afd940,0x00000000d5b00000)
  to   space 3072K, 0% used [0x00000000d5780000,0x00000000d5780000,0x00000000d5a80000)
 ParOldGen       total 102400K, used 101925K [0x0000000080000000, 0x0000000086400000, 0x00000000d5580000)
  object space 102400K, 99% used [0x0000000080000000,0x0000000086389680,0x0000000086400000)
 Metaspace       used 63705K, committed 65152K, reserved 1114112K
  class space    used 6434K, committed 7168K, reserved 1048576K
}
Event: 1458.844 GC heap before
{Heap before GC invocations=15862 (full 20):
 PSYoungGen      total 2560K, used 2550K [0x00000000d5580000, 0x00000000d5e00000, 0x0000000100000000)
  eden space 2048K, 99% used [0x00000000d5580000,0x00000000d577fff0,0x00000000d5780000)
  from space 512K, 98% used [0x00000000d5a80000,0x00000000d5afd940,0x00000000d5b00000)
  to   space 3072K, 0% used [0x00000000d5780000,0x00000000d5780000,0x00000000d5a80000)
 ParOldGen       total 102400K, used 101925K [0x0000000080000000, 0x0000000086400000, 0x00000000d5580000)
  object space 102400K, 99% used [0x0000000080000000,0x0000000086389680,0x0000000086400000)
 Metaspace       used 63705K, committed 65152K, reserved 1114112K
  class space    used 6434K, committed 7168K, reserved 1048576K
}
Event: 1458.846 GC heap after
{Heap after GC invocations=15862 (full 20):
 PSYoungGen      total 3072K, used 736K [0x00000000d5580000, 0x00000000d5b00000, 0x0000000100000000)
  eden space 2048K, 0% used [0x00000000d5580000,0x00000000d5580000,0x00000000d5780000)
  from space 1024K, 71% used [0x00000000d5780000,0x00000000d5838000,0x00000000d5880000)
  to   space 1536K, 0% used [0x00000000d5980000,0x00000000d5980000,0x00000000d5b00000)
 ParOldGen       total 102400K, used 102379K [0x0000000080000000, 0x0000000086400000, 0x00000000d5580000)
  object space 102400K, 99% used [0x0000000080000000,0x00000000863fafc0,0x0000000086400000)
 Metaspace       used 63705K, committed 65152K, reserved 1114112K
  class space    used 6434K, committed 7168K, reserved 1048576K
}

Dll operation events (20 events):
Event: 0.023 Attempting to load shared library c:\Users\CARLOS DE AIDA\.vscode\extensions\redhat.java-1.56.0-win32-x64\jre\21.0.12.1-win32-x86_64\bin\java.dll
Event: 0.023 Loaded shared library c:\Users\CARLOS DE AIDA\.vscode\extensions\redhat.java-1.56.0-win32-x64\jre\21.0.12.1-win32-x86_64\bin\java.dll
Event: 2.284 Attempting to load shared library c:\Users\CARLOS DE AIDA\.vscode\extensions\redhat.java-1.56.0-win32-x64\jre\21.0.12.1-win32-x86_64\bin\zip.dll
Event: 2.285 Loaded shared library c:\Users\CARLOS DE AIDA\.vscode\extensions\redhat.java-1.56.0-win32-x64\jre\21.0.12.1-win32-x86_64\bin\zip.dll
Event: 3.330 Attempting to load shared library C:\Users\CARLOS DE AIDA\.vscode\extensions\redhat.java-1.56.0-win32-x64\jre\21.0.12.1-win32-x86_64\bin\instrument.dll
Event: 3.330 Loaded shared library C:\Users\CARLOS DE AIDA\.vscode\extensions\redhat.java-1.56.0-win32-x64\jre\21.0.12.1-win32-x86_64\bin\instrument.dll
Event: 3.354 Attempting to load shared library C:\Users\CARLOS DE AIDA\.vscode\extensions\redhat.java-1.56.0-win32-x64\jre\21.0.12.1-win32-x86_64\bin\net.dll
Event: 3.372 Loaded shared library C:\Users\CARLOS DE AIDA\.vscode\extensions\redhat.java-1.56.0-win32-x64\jre\21.0.12.1-win32-x86_64\bin\net.dll
Event: 3.403 Attempting to load shared library C:\Users\CARLOS DE AIDA\.vscode\extensions\redhat.java-1.56.0-win32-x64\jre\21.0.12.1-win32-x86_64\bin\nio.dll
Event: 3.432 Loaded shared library C:\Users\CARLOS DE AIDA\.vscode\extensions\redhat.java-1.56.0-win32-x64\jre\21.0.12.1-win32-x86_64\bin\nio.dll
Event: 3.517 Attempting to load shared library C:\Users\CARLOS DE AIDA\.vscode\extensions\redhat.java-1.56.0-win32-x64\jre\21.0.12.1-win32-x86_64\bin\zip.dll
Event: 3.517 Loaded shared library C:\Users\CARLOS DE AIDA\.vscode\extensions\redhat.java-1.56.0-win32-x64\jre\21.0.12.1-win32-x86_64\bin\zip.dll
Event: 4.799 Attempting to load shared library C:\Users\CARLOS DE AIDA\.vscode\extensions\redhat.java-1.56.0-win32-x64\jre\21.0.12.1-win32-x86_64\bin\jimage.dll
Event: 4.799 Loaded shared library C:\Users\CARLOS DE AIDA\.vscode\extensions\redhat.java-1.56.0-win32-x64\jre\21.0.12.1-win32-x86_64\bin\jimage.dll
Event: 10.073 Attempting to load shared library c:\Users\CARLOS DE AIDA\.vscode\extensions\redhat.java-1.56.0-win32-x64\jre\21.0.12.1-win32-x86_64\bin\verify.dll
Event: 10.075 Loaded shared library c:\Users\CARLOS DE AIDA\.vscode\extensions\redhat.java-1.56.0-win32-x64\jre\21.0.12.1-win32-x86_64\bin\verify.dll
Event: 228.259 Attempting to load shared library C:\Users\CARLOS DE AIDA\AppData\Roaming\Code\User\globalStorage\redhat.java\1.56.0\config_win\org.eclipse.equinox.launcher\org.eclipse.equinox.launcher.win32.win32.x86_64_1.3.100.v20260804-1928\eclipse_11924.dll
Event: 228.743 Loaded shared library C:\Users\CARLOS DE AIDA\AppData\Roaming\Code\User\globalStorage\redhat.java\1.56.0\config_win\org.eclipse.equinox.launcher\org.eclipse.equinox.launcher.win32.win32.x86_64_1.3.100.v20260804-1928\eclipse_11924.dll
Event: 465.114 Attempting to load shared library C:\Users\CARLOS DE AIDA\AppData\Local\Temp\jna-1289989568\jna12521590250287090282.dll
Event: 465.152 Loaded shared library C:\Users\CARLOS DE AIDA\AppData\Local\Temp\jna-1289989568\jna12521590250287090282.dll

Deoptimization events (20 events):
Event: 1077.280 Thread 0x000001ee73ed5a50 Uncommon trap: trap_request=0xffffffcc fr.pc=0x000001ee21d93d74 relative=0x0000000000000414
Event: 1077.280 Thread 0x000001ee73ed5a50 Uncommon trap: reason=intrinsic_or_type_checked_inlining action=make_not_entrant pc=0x000001ee21d93d74 method=org.eclipse.jdt.internal.compiler.util.ObjectVector.copyInto([Ljava/lang/Object;I)V @ 11 c2
Event: 1077.280 Thread 0x000001ee73ed5a50 DEOPT PACKING pc=0x000001ee21d93d74 sp=0x0000008edbcfe850
Event: 1077.280 Thread 0x000001ee73ed5a50 DEOPT UNPACKING pc=0x000001ee217d3a9c sp=0x0000008edbcfe708 mode 2
Event: 1421.042 Thread 0x000001ee74604360 Uncommon trap: trap_request=0xffffff6e fr.pc=0x000001ee21e28594 relative=0x00000000000004b4
Event: 1421.043 Thread 0x000001ee74604360 Uncommon trap: reason=loop_limit_check action=maybe_recompile pc=0x000001ee21e28594 method=org.eclipse.jdt.internal.compiler.parser.Parser.consumeInternalCompilationUnitWithPotentialImplicitlyDeclaredClass()V @ 203 c2
Event: 1421.044 Thread 0x000001ee74604360 DEOPT PACKING pc=0x000001ee21e28594 sp=0x0000008edb6fe130
Event: 1421.045 Thread 0x000001ee74604360 DEOPT UNPACKING pc=0x000001ee217d3a9c sp=0x0000008edb6fe0b8 mode 2
Event: 1421.141 Thread 0x000001ee74605da0 Uncommon trap: trap_request=0xffffffcc fr.pc=0x000001ee21ddebc0 relative=0x0000000000000280
Event: 1421.141 Thread 0x000001ee74605da0 Uncommon trap: reason=intrinsic_or_type_checked_inlining action=make_not_entrant pc=0x000001ee21ddebc0 method=org.eclipse.jdt.internal.compiler.parser.Parser.consumeReduceImports()V @ 55 c2
Event: 1421.141 Thread 0x000001ee74605da0 DEOPT PACKING pc=0x000001ee21ddebc0 sp=0x0000008edcbfdbd0
Event: 1421.141 Thread 0x000001ee74605da0 DEOPT UNPACKING pc=0x000001ee217d3a9c sp=0x0000008edcbfdb60 mode 2
Event: 1421.561 Thread 0x000001ee73ed81b0 Uncommon trap: trap_request=0xffffffcc fr.pc=0x000001ee21d297c8 relative=0x0000000000000368
Event: 1421.561 Thread 0x000001ee73ed81b0 Uncommon trap: reason=intrinsic_or_type_checked_inlining action=make_not_entrant pc=0x000001ee21d297c8 method=org.eclipse.jdt.internal.compiler.parser.Parser.consumeInterfaceHeaderExtends()V @ 61 c2
Event: 1421.561 Thread 0x000001ee73ed81b0 DEOPT PACKING pc=0x000001ee21d297c8 sp=0x0000008edc0fdbf0
Event: 1421.563 Thread 0x000001ee73ed81b0 DEOPT UNPACKING pc=0x000001ee217d3a9c sp=0x0000008edc0fdb68 mode 2
Event: 1455.009 Thread 0x000001ee73ed8840 Uncommon trap: trap_request=0xffffff45 fr.pc=0x000001ee21faf938 relative=0x0000000000001638
Event: 1455.011 Thread 0x000001ee73ed8840 Uncommon trap: reason=unstable_if action=reinterpret pc=0x000001ee21faf938 method=java.util.concurrent.ForkJoinPool.submissionQueue(Z)Ljava/util/concurrent/ForkJoinPool$WorkQueue; @ 136 c2
Event: 1455.011 Thread 0x000001ee73ed8840 DEOPT PACKING pc=0x000001ee21faf938 sp=0x0000008edbafea90
Event: 1455.011 Thread 0x000001ee73ed8840 DEOPT UNPACKING pc=0x000001ee217d3a9c sp=0x0000008edbafe8d8 mode 2

Classes loaded (20 events):
Event: 605.156 Loading class java/util/ArrayDeque$DeqSpliterator
Event: 605.162 Loading class java/util/stream/Nodes$ConcNode
Event: 605.168 Loading class java/util/ArrayDeque$DeqSpliterator done
Event: 605.169 Loading class java/util/stream/Nodes$AbstractConcNode
Event: 605.173 Loading class java/util/stream/Nodes$AbstractConcNode done
Event: 605.173 Loading class java/util/stream/Nodes$ConcNode done
Event: 605.366 Loading class java/util/stream/Nodes$ToArrayTask$OfRef
Event: 605.372 Loading class java/util/stream/Nodes$ToArrayTask
Event: 605.373 Loading class java/util/stream/Nodes$ToArrayTask done
Event: 605.373 Loading class java/util/stream/Nodes$ToArrayTask$OfRef done
Event: 605.386 Loading class java/io/ObjectOutputStream$BlockDataOutputStream
Event: 605.387 Loading class java/io/ObjectOutputStream$BlockDataOutputStream done
Event: 605.387 Loading class java/io/ObjectOutputStream$HandleTable
Event: 605.389 Loading class java/io/ObjectOutputStream$HandleTable done
Event: 605.389 Loading class java/io/ObjectOutputStream$ReplaceTable
Event: 605.390 Loading class java/io/ObjectOutputStream$ReplaceTable done
Event: 845.320 Loading class com/sun/org/apache/xerces/internal/xni/grammars/XMLGrammarPool
Event: 845.367 Loading class com/sun/org/apache/xerces/internal/xni/grammars/XMLGrammarPool done
Event: 1011.004 Loading class com/sun/org/apache/xerces/internal/impl/validation/EntityState
Event: 1011.075 Loading class com/sun/org/apache/xerces/internal/impl/validation/EntityState done

Classes unloaded (7 events):
Event: 480.530 Thread 0x000001ee16efdb10 Unloading class 0x000001ee2f1ab400 'java/lang/invoke/LambdaForm$MH+0x000001ee2f1ab400'
Event: 480.530 Thread 0x000001ee16efdb10 Unloading class 0x000001ee2f1ab000 'java/lang/invoke/LambdaForm$MH+0x000001ee2f1ab000'
Event: 480.530 Thread 0x000001ee16efdb10 Unloading class 0x000001ee2f1aac00 'java/lang/invoke/LambdaForm$MH+0x000001ee2f1aac00'
Event: 480.530 Thread 0x000001ee16efdb10 Unloading class 0x000001ee2f1aa800 'java/lang/invoke/LambdaForm$MH+0x000001ee2f1aa800'
Event: 480.530 Thread 0x000001ee16efdb10 Unloading class 0x000001ee2f1aa400 'java/lang/invoke/LambdaForm$BMH+0x000001ee2f1aa400'
Event: 480.530 Thread 0x000001ee16efdb10 Unloading class 0x000001ee2f1aa000 'java/lang/invoke/LambdaForm$DMH+0x000001ee2f1aa000'
Event: 480.530 Thread 0x000001ee16efdb10 Unloading class 0x000001ee2f1a8c00 'java/lang/invoke/LambdaForm$DMH+0x000001ee2f1a8c00'

Classes redefined (0 events):
No events

Internal exceptions (20 events):
Event: 1458.477 Thread 0x000001ee73713d00 Exception <a 'sun/nio/fs/WindowsException'{0x00000000d5583550}> (0x00000000d5583550) 
thrown [s\src\hotspot\share\prims\jni.cpp, line 520]
Event: 1458.478 Thread 0x000001ee73713d00 Exception <a 'sun/nio/fs/WindowsException'{0x00000000d5583a18}> (0x00000000d5583a18) 
thrown [s\src\hotspot\share\prims\jni.cpp, line 520]
Event: 1458.478 Thread 0x000001ee73713d00 Exception <a 'sun/nio/fs/WindowsException'{0x00000000d5584160}> (0x00000000d5584160) 
thrown [s\src\hotspot\share\prims\jni.cpp, line 520]
Event: 1458.478 Thread 0x000001ee73713d00 Exception <a 'sun/nio/fs/WindowsException'{0x00000000d5584648}> (0x00000000d5584648) 
thrown [s\src\hotspot\share\prims\jni.cpp, line 520]
Event: 1458.478 Thread 0x000001ee73713d00 Exception <a 'sun/nio/fs/WindowsException'{0x00000000d558bf88}> (0x00000000d558bf88) 
thrown [s\src\hotspot\share\prims\jni.cpp, line 520]
Event: 1458.478 Thread 0x000001ee73713d00 Exception <a 'sun/nio/fs/WindowsException'{0x00000000d558c450}> (0x00000000d558c450) 
thrown [s\src\hotspot\share\prims\jni.cpp, line 520]
Event: 1458.478 Thread 0x000001ee73713d00 Exception <a 'sun/nio/fs/WindowsException'{0x00000000d558c918}> (0x00000000d558c918) 
thrown [s\src\hotspot\share\prims\jni.cpp, line 520]
Event: 1458.478 Thread 0x000001ee73713d00 Exception <a 'sun/nio/fs/WindowsException'{0x00000000d558ce00}> (0x00000000d558ce00) 
thrown [s\src\hotspot\share\prims\jni.cpp, line 520]
Event: 1458.486 Thread 0x000001ee73713d00 Exception <a 'sun/nio/fs/WindowsException'{0x00000000d55942d8}> (0x00000000d55942d8) 
thrown [s\src\hotspot\share\prims\jni.cpp, line 520]
Event: 1458.486 Thread 0x000001ee73713d00 Exception <a 'sun/nio/fs/WindowsException'{0x00000000d56b35b8}> (0x00000000d56b35b8) 
thrown [s\src\hotspot\share\prims\jni.cpp, line 520]
Event: 1458.525 Thread 0x000001ee73ed7490 Exception <a 'sun/nio/fs/WindowsException'{0x00000000d5778078}> (0x00000000d5778078) 
thrown [s\src\hotspot\share\prims\jni.cpp, line 520]
Event: 1458.525 Thread 0x000001ee73ed7490 Exception <a 'sun/nio/fs/WindowsException'{0x00000000d5778398}> (0x00000000d5778398) 
thrown [s\src\hotspot\share\prims\jni.cpp, line 520]
Event: 1458.563 Thread 0x000001ee73ed8840 Exception <a 'sun/nio/fs/WindowsException'{0x00000000d5713108}> (0x00000000d5713108) 
thrown [s\src\hotspot\share\prims\jni.cpp, line 520]
Event: 1458.563 Thread 0x000001ee73ed8840 Exception <a 'sun/nio/fs/WindowsException'{0x00000000d5713920}> (0x00000000d5713920) 
thrown [s\src\hotspot\share\prims\jni.cpp, line 520]
Event: 1458.564 Thread 0x000001ee73ed8840 Exception <a 'sun/nio/fs/WindowsException'{0x00000000d5714988}> (0x00000000d5714988) 
thrown [s\src\hotspot\share\prims\jni.cpp, line 520]
Event: 1458.564 Thread 0x000001ee73ed8840 Exception <a 'sun/nio/fs/WindowsException'{0x00000000d5714f38}> (0x00000000d5714f38) 
thrown [s\src\hotspot\share\prims\jni.cpp, line 520]
Event: 1458.564 Thread 0x000001ee73ed8840 Exception <a 'sun/nio/fs/WindowsException'{0x00000000d57165a0}> (0x00000000d57165a0) 
thrown [s\src\hotspot\share\prims\jni.cpp, line 520]
Event: 1458.564 Thread 0x000001ee73ed8840 Exception <a 'sun/nio/fs/WindowsException'{0x00000000d5716dc8}> (0x00000000d5716dc8) 
thrown [s\src\hotspot\share\prims\jni.cpp, line 520]
Event: 1458.565 Thread 0x000001ee73ed8840 Exception <a 'sun/nio/fs/WindowsException'{0x00000000d5717bb0}> (0x00000000d5717bb0) 
thrown [s\src\hotspot\share\prims\jni.cpp, line 520]
Event: 1458.565 Thread 0x000001ee73ed8840 Exception <a 'sun/nio/fs/WindowsException'{0x00000000d57183b8}> (0x00000000d57183b8) 
thrown [s\src\hotspot\share\prims\jni.cpp, line 520]

ZGC Phase Switch (0 events):
No events

VM Operations (20 events):
Event: 1458.189 Executing safepoint VM operation: ParallelGCFailedAllocation (Allocation Failure)
Event: 1458.196 Executing safepoint VM operation: ParallelGCFailedAllocation (Allocation Failure) done
Event: 1458.230 Executing safepoint VM operation: ParallelGCFailedAllocation (Allocation Failure)
Event: 1458.235 Executing safepoint VM operation: ParallelGCFailedAllocation (Allocation Failure) done
Event: 1458.264 Executing safepoint VM operation: ParallelGCFailedAllocation (Allocation Failure)
Event: 1458.268 Executing safepoint VM operation: ParallelGCFailedAllocation (Allocation Failure) done
Event: 1458.352 Executing safepoint VM operation: ParallelGCFailedAllocation (Allocation Failure)
Event: 1458.355 Executing safepoint VM operation: ParallelGCFailedAllocation (Allocation Failure) done
Event: 1458.396 Executing safepoint VM operation: ParallelGCFailedAllocation (Allocation Failure)
Event: 1458.398 Executing safepoint VM operation: ParallelGCFailedAllocation (Allocation Failure) done
Event: 1458.422 Executing safepoint VM operation: ParallelGCFailedAllocation (Allocation Failure)
Event: 1458.425 Executing safepoint VM operation: ParallelGCFailedAllocation (Allocation Failure) done
Event: 1458.452 Executing safepoint VM operation: ParallelGCFailedAllocation (Allocation Failure)
Event: 1458.474 Executing safepoint VM operation: ParallelGCFailedAllocation (Allocation Failure) done
Event: 1458.545 Executing safepoint VM operation: ParallelGCFailedAllocation (Allocation Failure)
Event: 1458.550 Executing safepoint VM operation: ParallelGCFailedAllocation (Allocation Failure) done
Event: 1458.574 Executing safepoint VM operation: ParallelGCFailedAllocation (Allocation Failure)
Event: 1458.586 Executing safepoint VM operation: ParallelGCFailedAllocation (Allocation Failure) done
Event: 1458.844 Executing safepoint VM operation: ParallelGCFailedAllocation (Allocation Failure)
Event: 1458.846 Executing safepoint VM operation: ParallelGCFailedAllocation (Allocation Failure) done

Memory protections (0 events):
No events

Nmethod flushes (20 events):
Event: 1453.905 Thread 0x000001ee16efdb10 flushing  nmethod 0x000001ee1bb52810
Event: 1453.905 Thread 0x000001ee16efdb10 flushing  nmethod 0x000001ee1bb95510
Event: 1453.905 Thread 0x000001ee16efdb10 flushing  nmethod 0x000001ee1bcf9290
Event: 1453.905 Thread 0x000001ee16efdb10 flushing  nmethod 0x000001ee1bd0e710
Event: 1456.933 Thread 0x000001ee16efdb10 flushing  nmethod 0x000001ee1bafdf90
Event: 1456.933 Thread 0x000001ee16efdb10 flushing  nmethod 0x000001ee1bafe310
Event: 1456.933 Thread 0x000001ee16efdb10 flushing  nmethod 0x000001ee1bafe810
Event: 1456.933 Thread 0x000001ee16efdb10 flushing  nmethod 0x000001ee1bb10090
Event: 1456.933 Thread 0x000001ee16efdb10 flushing  nmethod 0x000001ee1bb19f10
Event: 1456.934 Thread 0x000001ee16efdb10 flushing  nmethod 0x000001ee1bb1c290
Event: 1456.934 Thread 0x000001ee16efdb10 flushing  nmethod 0x000001ee1bb1ec90
Event: 1456.934 Thread 0x000001ee16efdb10 flushing  nmethod 0x000001ee1bb43610
Event: 1456.934 Thread 0x000001ee16efdb10 flushing  nmethod 0x000001ee1bb46210
Event: 1456.934 Thread 0x000001ee16efdb10 flushing  nmethod 0x000001ee1bb47c90
Event: 1456.934 Thread 0x000001ee16efdb10 flushing  nmethod 0x000001ee1bb48190
Event: 1456.934 Thread 0x000001ee16efdb10 flushing  nmethod 0x000001ee1bb48590
Event: 1456.934 Thread 0x000001ee16efdb10 flushing  nmethod 0x000001ee1bb48c10
Event: 1456.934 Thread 0x000001ee16efdb10 flushing  nmethod 0x000001ee1bbbbe90
Event: 1456.934 Thread 0x000001ee16efdb10 flushing  nmethod 0x000001ee1bd6bb90
Event: 1456.934 Thread 0x000001ee16efdb10 flushing  nmethod 0x000001ee1bd6f990

Events (20 events):
Event: 1457.290 Thread 0x000001ee74605710 Thread added: 0x000001ee74606430
Event: 1457.305 Thread 0x000001ee74606430 Thread exited: 0x000001ee74606430
Event: 1457.382 Thread 0x000001ee74608b90 Thread added: 0x000001ee746049f0
Event: 1457.401 Thread 0x000001ee746049f0 Thread exited: 0x000001ee746049f0
Event: 1457.475 Thread 0x000001ee74605710 Thread added: 0x000001ee746049f0
Event: 1457.490 Thread 0x000001ee746049f0 Thread exited: 0x000001ee746049f0
Event: 1457.539 Thread 0x000001ee74609220 Thread added: 0x000001ee74606430
Event: 1457.555 Thread 0x000001ee74606430 Thread exited: 0x000001ee74606430
Event: 1457.690 Thread 0x000001ee73713670 Thread added: 0x000001ee746049f0
Event: 1457.702 Thread 0x000001ee746049f0 Thread exited: 0x000001ee746049f0
Event: 1457.759 Thread 0x000001ee74604360 Thread added: 0x000001ee74606430
Event: 1457.775 Thread 0x000001ee74606430 Thread exited: 0x000001ee74606430
Event: 1457.936 Thread 0x000001ee73ed5a50 Thread added: 0x000001ee74606430
Event: 1457.989 Thread 0x000001ee74606430 Thread exited: 0x000001ee74606430
Event: 1458.110 Thread 0x000001ee74606ac0 Thread added: 0x000001ee746049f0
Event: 1458.148 Thread 0x000001ee746049f0 Thread exited: 0x000001ee746049f0
Event: 1458.302 Thread 0x000001ee73713d00 Thread added: 0x000001ee746049f0
Event: 1458.330 Thread 0x000001ee746049f0 Thread exited: 0x000001ee746049f0
Event: 1458.439 Thread 0x000001ee73713d00 Thread added: 0x000001ee746049f0
Event: 1458.498 Thread 0x000001ee746049f0 Thread exited: 0x000001ee746049f0


Dynamic libraries:
0x00007ff7ea5a0000 - 0x00007ff7ea5ae000 	c:\Users\CARLOS DE AIDA\.vscode\extensions\redhat.java-1.56.0-win32-x64\jre\21.0.12.1-win32-x86_64\bin\java.exe
0x00007fff15860000 - 0x00007fff15ac7000 	C:\WINDOWS\SYSTEM32\ntdll.dll
0x00007fff151b0000 - 0x00007fff1527b000 	C:\WINDOWS\System32\KERNEL32.DLL
0x00007fff130b0000 - 0x00007fff134b2000 	C:\WINDOWS\System32\KERNELBASE.dll
0x00007fff12e20000 - 0x00007fff12f6c000 	C:\WINDOWS\System32\ucrtbase.dll
0x00007ffed8f50000 - 0x00007ffed8f68000 	c:\Users\CARLOS DE AIDA\.vscode\extensions\redhat.java-1.56.0-win32-x64\jre\21.0.12.1-win32-x86_64\bin\jli.dll
0x00007fff13b80000 - 0x00007fff13d4f000 	C:\WINDOWS\System32\USER32.dll
0x00007fff12df0000 - 0x00007fff12e17000 	C:\WINDOWS\System32\win32u.dll
0x00007fff15630000 - 0x00007fff1565b000 	C:\WINDOWS\System32\GDI32.dll
0x00007fff12f80000 - 0x00007fff130a9000 	C:\WINDOWS\System32\gdi32full.dll
0x00007fff12bb0000 - 0x00007fff12c53000 	C:\WINDOWS\System32\msvcp_win.dll
0x00007ffed8f70000 - 0x00007ffed8f8e000 	c:\Users\CARLOS DE AIDA\.vscode\extensions\redhat.java-1.56.0-win32-x64\jre\21.0.12.1-win32-x86_64\bin\VCRUNTIME140.dll
0x00007ffefb760000 - 0x00007ffefb9f0000 	C:\WINDOWS\WinSxS\amd64_microsoft.windows.common-controls_6595b64144ccf1df_6.0.26100.9278_none_3e0d1ba8e3303201\COMCTL32.dll
0x00007fff15550000 - 0x00007fff155f9000 	C:\WINDOWS\System32\msvcrt.dll
0x00007fff13f40000 - 0x00007fff13f71000 	C:\WINDOWS\System32\IMM32.DLL
0x00007fff05fb0000 - 0x00007fff05fbc000 	c:\Users\CARLOS DE AIDA\.vscode\extensions\redhat.java-1.56.0-win32-x64\jre\21.0.12.1-win32-x86_64\bin\vcruntime140_1.dll
0x00007ffed8ec0000 - 0x00007ffed8f4d000 	c:\Users\CARLOS DE AIDA\.vscode\extensions\redhat.java-1.56.0-win32-x64\jre\21.0.12.1-win32-x86_64\bin\msvcp140.dll
0x00007ffe48c90000 - 0x00007ffe49a32000 	c:\Users\CARLOS DE AIDA\.vscode\extensions\redhat.java-1.56.0-win32-x64\jre\21.0.12.1-win32-x86_64\bin\server\jvm.dll
0x00007fff14fe0000 - 0x00007fff1509c000 	C:\WINDOWS\System32\ADVAPI32.dll
0x00007fff141a0000 - 0x00007fff14249000 	C:\WINDOWS\System32\sechost.dll
0x00007fff15660000 - 0x00007fff15778000 	C:\WINDOWS\System32\RPCRT4.dll
0x00007fff147a0000 - 0x00007fff14820000 	C:\WINDOWS\System32\WS2_32.dll
0x00007fff128c0000 - 0x00007fff1291e000 	C:\WINDOWS\SYSTEM32\POWRPROF.dll
0x00007ffeff840000 - 0x00007ffeff876000 	C:\WINDOWS\SYSTEM32\WINMM.dll
0x00007ffeffb50000 - 0x00007ffeffb5b000 	C:\WINDOWS\SYSTEM32\VERSION.dll
0x00007fff128a0000 - 0x00007fff128b5000 	C:\WINDOWS\SYSTEM32\UMPDC.dll
0x00007fff11710000 - 0x00007fff1172b000 	C:\WINDOWS\SYSTEM32\kernel.appcore.dll
0x00007fff05410000 - 0x00007fff0541a000 	c:\Users\CARLOS DE AIDA\.vscode\extensions\redhat.java-1.56.0-win32-x64\jre\21.0.12.1-win32-x86_64\bin\jimage.dll
0x00007ffef6b70000 - 0x00007ffef6dbc000 	C:\WINDOWS\SYSTEM32\DBGHELP.DLL
0x00007fff14410000 - 0x00007fff14795000 	C:\WINDOWS\System32\combase.dll
0x00007fff13d80000 - 0x00007fff13e59000 	C:\WINDOWS\System32\OLEAUT32.dll
0x00007ffef4850000 - 0x00007ffef488b000 	C:\WINDOWS\SYSTEM32\dbgcore.DLL
0x00007fff134c0000 - 0x00007fff1356c000 	C:\WINDOWS\System32\bcryptPrimitives.dll
0x00007ffed8eb0000 - 0x00007ffed8ebf000 	c:\Users\CARLOS DE AIDA\.vscode\extensions\redhat.java-1.56.0-win32-x64\jre\21.0.12.1-win32-x86_64\bin\instrument.dll
0x00007ffed8e90000 - 0x00007ffed8eb0000 	c:\Users\CARLOS DE AIDA\.vscode\extensions\redhat.java-1.56.0-win32-x64\jre\21.0.12.1-win32-x86_64\bin\java.dll
0x00007fff14840000 - 0x00007fff14fd8000 	C:\WINDOWS\System32\SHELL32.dll
0x00007fff104a0000 - 0x00007fff10d4e000 	C:\WINDOWS\SYSTEM32\windows.storage.dll
0x00007fff14250000 - 0x00007fff1434b000 	C:\WINDOWS\System32\SHCORE.dll
0x00007fff15780000 - 0x00007fff157e6000 	C:\WINDOWS\System32\shlwapi.dll
0x00007fff12980000 - 0x00007fff129a9000 	C:\WINDOWS\SYSTEM32\profapi.dll
0x00007ffed8e70000 - 0x00007ffed8e88000 	c:\Users\CARLOS DE AIDA\.vscode\extensions\redhat.java-1.56.0-win32-x64\jre\21.0.12.1-win32-x86_64\bin\zip.dll
0x00007ffed8e60000 - 0x00007ffed8e70000 	C:\Users\CARLOS DE AIDA\.vscode\extensions\redhat.java-1.56.0-win32-x64\jre\21.0.12.1-win32-x86_64\bin\net.dll
0x00007fff049b0000 - 0x00007fff04ada000 	C:\WINDOWS\SYSTEM32\WINHTTP.dll
0x00007fff11cf0000 - 0x00007fff11d5c000 	C:\WINDOWS\system32\mswsock.dll
0x00007ffed8e40000 - 0x00007ffed8e56000 	C:\Users\CARLOS DE AIDA\.vscode\extensions\redhat.java-1.56.0-win32-x64\jre\21.0.12.1-win32-x86_64\bin\nio.dll
0x00007ffed8e30000 - 0x00007ffed8e40000 	c:\Users\CARLOS DE AIDA\.vscode\extensions\redhat.java-1.56.0-win32-x64\jre\21.0.12.1-win32-x86_64\bin\verify.dll
0x00007ffee6aa0000 - 0x00007ffee6ae5000 	C:\Users\CARLOS DE AIDA\AppData\Roaming\Code\User\globalStorage\redhat.java\1.56.0\config_win\org.eclipse.equinox.launcher\org.eclipse.equinox.launcher.win32.win32.x86_64_1.3.100.v20260804-1928\eclipse_11924.dll
0x00007fff14000000 - 0x00007fff1419a000 	C:\WINDOWS\System32\ole32.dll
0x00007fff11fe0000 - 0x00007fff11ffb000 	C:\WINDOWS\SYSTEM32\CRYPTSP.dll
0x00007fff11670000 - 0x00007fff116a9000 	C:\WINDOWS\system32\rsaenh.dll
0x00007fff11da0000 - 0x00007fff11dd4000 	C:\WINDOWS\SYSTEM32\USERENV.dll
0x00007fff12950000 - 0x00007fff1297a000 	C:\WINDOWS\SYSTEM32\bcrypt.dll
0x00007fff12000000 - 0x00007fff1200c000 	C:\WINDOWS\SYSTEM32\CRYPTBASE.dll
0x00007fff11150000 - 0x00007fff11183000 	C:\WINDOWS\SYSTEM32\IPHLPAPI.DLL
0x00007fff136e0000 - 0x00007fff136ea000 	C:\WINDOWS\System32\NSI.dll
0x00007ffe73830000 - 0x00007ffe73879000 	C:\Users\CARLOS DE AIDA\AppData\Local\Temp\jna-1289989568\jna12521590250287090282.dll
0x00007fff14830000 - 0x00007fff14838000 	C:\WINDOWS\System32\PSAPI.DLL
0x00007fff04ba0000 - 0x00007fff04bbd000 	C:\WINDOWS\SYSTEM32\dhcpcsvc6.DLL
0x00007fff04b70000 - 0x00007fff04b95000 	C:\WINDOWS\SYSTEM32\dhcpcsvc.DLL

JVMTI agents:
c:\Users\CARLOS DE AIDA\.vscode\extensions\redhat.java-1.56.0-win32-x64\lombok\lombok-1.18.39-4050.jar path:c:\Users\CARLOS DE AIDA\.vscode\extensions\redhat.java-1.56.0-win32-x64\jre\21.0.12.1-win32-x86_64\bin\instrument.dll, loaded, initialized, instrumentlib options:none

dbghelp: loaded successfully - version: 4.0.5 - missing functions: none
symbol engine: initialized successfully - sym options: 0x614 - pdb path: .;c:\Users\CARLOS DE AIDA\.vscode\extensions\redhat.java-1.56.0-win32-x64\jre\21.0.12.1-win32-x86_64\bin;C:\WINDOWS\SYSTEM32;C:\WINDOWS\WinSxS\amd64_microsoft.windows.common-controls_6595b64144ccf1df_6.0.26100.9278_none_3e0d1ba8e3303201;c:\Users\CARLOS DE AIDA\.vscode\extensions\redhat.java-1.56.0-win32-x64\jre\21.0.12.1-win32-x86_64\bin\server;C:\Users\CARLOS DE AIDA\AppData\Roaming\Code\User\globalStorage\redhat.java\1.56.0\config_win\org.eclipse.equinox.launcher\org.eclipse.equinox.launcher.win32.win32.x86_64_1.3.100.v20260804-1928;C:\Users\CARLOS DE AIDA\AppData\Local\Temp\jna-1289989568

VM Arguments:
jvm_args: --add-modules=ALL-SYSTEM --add-opens=java.base/java.util=ALL-UNNAMED --add-opens=java.base/java.lang=ALL-UNNAMED --add-opens=java.base/sun.nio.fs=ALL-UNNAMED -Declipse.application=org.eclipse.jdt.ls.core.id1 -Dosgi.bundles.defaultStartLevel=4 -Declipse.product=org.eclipse.jdt.ls.core.product -Djava.import.generatesMetadataFilesAtProjectRoot=false -Dm2e.project.cache.size=50 -DDetectVMInstallationsJob.disabled=true -Dfile.encoding=utf8 -XX:+UseParallelGC -XX:GCTimeRatio=4 -XX:AdaptiveSizePolicyWeight=90 -Dsun.zip.disableMemoryMapping=true -Xmx2G -Xms100m -Xlog:disable -javaagent:c:\Users\CARLOS DE AIDA\.vscode\extensions\redhat.java-1.56.0-win32-x64\lombok\lombok-1.18.39-4050.jar -XX:+HeapDumpOnOutOfMemoryError -XX:HeapDumpPath=c:\Users\CARLOS DE AIDA\AppData\Roaming\Code\User\workspaceStorage\c82a7e7b33fa2c8ef81a0455b6edecef\redhat.java -Daether.dependencyCollector.impl=bf 
java_command: c:\Users\CARLOS DE AIDA\.vscode\extensions\redhat.java-1.56.0-win32-x64\server\plugins\org.eclipse.equinox.launcher_1.8.0.v20260804-1928.jar -configuration c:\Users\CARLOS DE AIDA\AppData\Roaming\Code\User\globalStorage\redhat.java\1.56.0\config_win -data c:\Users\CARLOS DE AIDA\AppData\Roaming\Code\User\workspaceStorage\c82a7e7b33fa2c8ef81a0455b6edecef\redhat.java\jdt_ws --stdio
java_class_path (initial): c:\Users\CARLOS DE AIDA\.vscode\extensions\redhat.java-1.56.0-win32-x64\server\plugins\org.eclipse.equinox.launcher_1.8.0.v20260804-1928.jar
Launcher Type: SUN_STANDARD

[Global flags]
    uintx AdaptiveSizePolicyWeight                 = 90                                        {product} {command line}
     intx CICompilerCount                          = 2                                         {product} {ergonomic}
    uintx GCTimeRatio                              = 4                                         {product} {command line}
     bool HeapDumpOnOutOfMemoryError               = true                                   {manageable} {command line}
    ccstr HeapDumpPath                             = c:\Users\CARLOS DE AIDA\AppData\Roaming\Code\User\workspaceStorage\c82a7e7b33fa2c8ef81a0455b6edecef\redhat.java         {manageable} {command line}
   size_t InitialHeapSize                          = 104857600                                 {product} {command line}
   size_t MaxHeapSize                              = 2147483648                                {product} {command line}
   size_t MaxNewSize                               = 715653120                                 {product} {ergonomic}
   size_t MinHeapDeltaBytes                        = 524288                                    {product} {ergonomic}
   size_t MinHeapSize                              = 104857600                                 {product} {command line}
   size_t NewSize                                  = 34603008                                  {product} {ergonomic}
    uintx NonNMethodCodeHeapSize                   = 5826188                                {pd product} {ergonomic}
    uintx NonProfiledCodeHeapSize                  = 122916026                              {pd product} {ergonomic}
   size_t OldSize                                  = 70254592                                  {product} {ergonomic}
    uintx ProfiledCodeHeapSize                     = 122916026                              {pd product} {ergonomic}
    uintx ReservedCodeCacheSize                    = 251658240                              {pd product} {ergonomic}
     bool SegmentedCodeCache                       = true                                      {product} {ergonomic}
   size_t SoftMaxHeapSize                          = 2147483648                             {manageable} {ergonomic}
     bool UseCompressedOops                        = true                           {product lp64_product} {ergonomic}
     bool UseLargePagesIndividualAllocation        = false                                  {pd product} {ergonomic}
     bool UseParallelGC                            = true                                      {product} {command line}

Logging:
Log output configuration:
 #0: stdout all=off uptime,level,tags foldmultilines=false
 #1: stderr all=off uptime,level,tags foldmultilines=false

Release file:
JAVA_VERSION="21.0.12.1" 
MODULES="java.base java.compiler java.datatransfer java.xml java.prefs java.desktop java.instrument java.logging java.management java.security.sasl java.naming java.rmi java.management.rmi java.net.http java.scripting java.security.jgss java.transaction.xa java.sql java.sql.rowset java.xml.crypto java.se java.smartcardio jdk.accessibility jdk.internal.jvmstat jdk.attach jdk.charsets jdk.internal.opt jdk.zipfs jdk.compiler jdk.crypto.ec jdk.crypto.cryptoki jdk.crypto.mscapi jdk.dynalink jdk.internal.ed jdk.editpad jdk.hotspot.agent jdk.httpserver jdk.internal.le jdk.internal.vm.ci jdk.internal.vm.compiler jdk.internal.vm.compiler.management jdk.jartool jdk.javadoc jdk.jcmd jdk.management jdk.management.agent jdk.jconsole jdk.jdeps jdk.jdwp.agent jdk.jdi jdk.jfr jdk.jshell jdk.jsobject jdk.jstatd jdk.localedata jdk.management.jfr jdk.naming.dns jdk.naming.rmi jdk.net jdk.nio.mapmode jdk.random jdk.sctp jdk.security.auth jdk.security.jgss jdk.unsupported jdk.unsupported.desktop jdk.xml.dom" 

Environment Variables:
PATH=C:\Program Files\Eclipse Adoptium\jdk-21.0.12.101-hotspot\bin;C:\WINDOWS\system32;C:\WINDOWS;C:\WINDOWS\System32\Wbem;C:\WINDOWS\System32\WindowsPowerShell\v1.0\;C:\WINDOWS\System32\OpenSSH\;C:\Program Files (x86)\dotnet\;c:\Program Files\Eclipse Adoptium\jdk-21\bin;C:\Program Files (x86)\Microsoft SQL Server\100\Tools\Binn\;C:\Program Files (x86)\Microsoft SQL Server\100\DTS\Binn\;C:\Users\CARLOS DE AIDA\AppData\Local\Programs\Python\Python311\Scripts\;C:\Users\CARLOS DE AIDA\AppData\Local\Programs\Python\Python311\;C:\Users\CARLOS DE AIDA\AppData\Local\Microsoft\WindowsApps;C:\Users\CARLOS DE AIDA\AppData\Local\Programs\Microsoft VS Code\bin;C:\Users\CARLOS DE AIDA\AppData\Local\Python\bin
USERNAME=CARLOS DE AIDA
OS=Windows_NT
PROCESSOR_IDENTIFIER=Intel64 Family 6 Model 156 Stepping 0, GenuineIntel
TMP=C:\Users\CARLOS~1\AppData\Local\Temp
TEMP=C:\Users\CARLOS~1\AppData\Local\Temp




Periodic native trim disabled

---------------  S Y S T E M  ---------------

OS:
 Windows 11 , 64 bit Build 26100 (10.0.26100.9444)
OS uptime: 0 days 0:46 hours
Hyper-V role detected

CPU: total 2 (initial active 2) (2 cores per cpu, 1 threads per core) family 6 model 156 stepping 0 microcode 0x2400001f, cx8, cmov, fxsr, mmx, 3dnowpref, sse, sse2, sse3, ssse3, sse4.1, sse4.2, popcnt, tsc, tscinvbit, aes, erms, clmul, sha, clflush, clflushopt, clwb, hv, rdtscp, rdpid
Processor Information for the first 2 processors :
  Max Mhz: 1114, Current Mhz: 1114, Mhz Limit: 1114

Memory: 4k page, system-wide physical 3933M (326M free)
TotalPageFile size 16221M (AvailPageFile size 3M)
current process WorkingSet (physical memory assigned to process): 255M, peak: 839M
current process commit charge ("private bytes"): 426M, peak: 1691M

vm_info: OpenJDK 64-Bit Server VM (21.0.12.1+1-LTS) for windows-amd64 JRE (21.0.12.1+1-LTS), built on 2026-08-18T00:00:00Z by "admin" with MS VC++ 17.12 (VS2022)

END.
